============================================================
SECTION 1: Chargement du Dataset
============================================================
✓ 2000 chansons (pop) chargées
✓ Exemple: it's been a really, really messed up week seven days of torture, seven days of bitter and my girlfriend went and cheated...

============================================================
SECTION 2: Tokenizer GPT-2
============================================================

Map:   0%|          | 0/1800 [00:00<?, ? examples/s]
Map:  56%|█████▌    | 1000/1800 [00:00<00:00, 5094.69 examples/s]
Map: 100%|██████████| 1800/1800 [00:00<00:00, 5164.96 examples/s]
Map: 100%|██████████| 1800/1800 [00:00<00:00, 5090.60 examples/s]

Map:   0%|          | 0/200 [00:00<?, ? examples/s]
Map: 100%|██████████| 200/200 [00:00<00:00, 5342.76 examples/s]
✓ Train: 1800 | Val: 200

============================================================
SECTION 3: Chargement du Modèle GPT-2
============================================================
Warning: You are sending unauthenticated requests to the HF Hub. Please set a HF_TOKEN to enable higher rate limits and faster downloads.

Loading weights:   0%|          | 0/148 [00:00<?, ?it/s]
Loading weights: 100%|██████████| 148/148 [00:00<00:00, 5970.48it/s]
✓ GPT-2 chargé: 124.4M paramètres totaux, 124.4M entraînables
  Couches Transformer: 12 | Têtes d'attention: 12 | Embedding dim: 768

============================================================
SECTION 4: Fine-tuning
============================================================
[transformers] `logging_dir` is deprecated and will be removed in v5.2. Please set `TENSORBOARD_LOGGING_DIR` instead.
Démarrage fine-tuning: 3 époques, batch=4

  0%|          | 0/1350 [00:00<?, ?it/s][transformers] `loss_type=None` was set in the config but it is unrecognized. Using the default loss: `ForCausalLMLoss`.

  0%|          | 1/1350 [00:00<11:23,  1.97it/s]
  0%|          | 3/1350 [00:00<03:53,  5.76it/s]
  0%|          | 6/1350 [00:00<02:00, 11.16it/s]
  1%|          | 9/1350 [00:00<01:26, 15.50it/s]
  1%|          | 12/1350 [00:00<01:10, 19.09it/s]
  1%|          | 15/1350 [00:01<01:01, 21.77it/s]
  1%|▏         | 18/1350 [00:01<00:56, 23.77it/s]
  2%|▏         | 21/1350 [00:01<00:52, 25.46it/s]
  2%|▏         | 24/1350 [00:01<00:49, 26.61it/s]
  2%|▏         | 27/1350 [00:01<00:48, 27.31it/s]
  2%|▏         | 30/1350 [00:01<00:47, 27.86it/s]
  2%|▏         | 33/1350 [00:01<00:46, 28.42it/s]
  3%|▎         | 36/1350 [00:01<00:45, 28.62it/s]
  3%|▎         | 39/1350 [00:01<00:45, 28.78it/s]
  3%|▎         | 42/1350 [00:01<00:45, 28.88it/s]
  3%|▎         | 45/1350 [00:02<00:44, 29.02it/s]
  4%|▎         | 48/1350 [00:02<00:44, 29.03it/s]
                                                 
{'loss': '2.965', 'grad_norm': '7.84', 'learning_rate': '4.9e-05', 'epoch': '0.1111'}

  4%|▎         | 50/1350 [00:02<00:44, 29.03it/s]
  4%|▍         | 51/1350 [00:02<00:45, 28.42it/s]
  4%|▍         | 54/1350 [00:02<00:45, 28.51it/s]
  4%|▍         | 57/1350 [00:02<00:45, 28.72it/s]
  4%|▍         | 60/1350 [00:02<00:44, 28.78it/s]
  5%|▍         | 63/1350 [00:02<00:44, 29.08it/s]
  5%|▍         | 66/1350 [00:02<00:44, 29.14it/s]
  5%|▌         | 69/1350 [00:02<00:44, 29.01it/s]
  5%|▌         | 72/1350 [00:03<00:44, 28.86it/s]
  6%|▌         | 75/1350 [00:03<00:43, 29.01it/s]
  6%|▌         | 78/1350 [00:03<00:43, 28.97it/s]
  6%|▌         | 81/1350 [00:03<00:43, 29.18it/s]
  6%|▌         | 84/1350 [00:03<00:43, 29.08it/s]
  6%|▋         | 87/1350 [00:03<00:43, 29.03it/s]
  7%|▋         | 90/1350 [00:03<00:43, 29.07it/s]
  7%|▋         | 93/1350 [00:03<00:43, 29.12it/s]
  7%|▋         | 96/1350 [00:03<00:42, 29.17it/s]
  7%|▋         | 99/1350 [00:03<00:42, 29.28it/s]
                                                 
{'loss': '2.726', 'grad_norm': '6.381', 'learning_rate': '4.812e-05', 'epoch': '0.2222'}

  7%|▋         | 100/1350 [00:03<00:42, 29.28it/s]
  8%|▊         | 102/1350 [00:04<00:42, 29.26it/s]
  8%|▊         | 105/1350 [00:04<00:42, 29.13it/s]
  8%|▊         | 108/1350 [00:04<00:42, 29.19it/s]
  8%|▊         | 111/1350 [00:04<00:42, 29.21it/s]
  8%|▊         | 114/1350 [00:04<00:42, 29.26it/s]
  9%|▊         | 117/1350 [00:04<00:42, 29.34it/s]
  9%|▉         | 120/1350 [00:04<00:42, 29.25it/s]
  9%|▉         | 123/1350 [00:04<00:41, 29.27it/s]
  9%|▉         | 126/1350 [00:04<00:41, 29.27it/s]
 10%|▉         | 129/1350 [00:04<00:41, 29.20it/s]
 10%|▉         | 132/1350 [00:05<00:41, 29.02it/s]
 10%|█         | 135/1350 [00:05<00:41, 29.03it/s]
 10%|█         | 138/1350 [00:05<00:41, 29.15it/s]
 10%|█         | 141/1350 [00:05<00:41, 29.16it/s]
 11%|█         | 144/1350 [00:05<00:41, 29.12it/s]
 11%|█         | 147/1350 [00:05<00:41, 29.07it/s]
 11%|█         | 150/1350 [00:05<00:41, 29.05it/s]
                                                  
{'loss': '2.744', 'grad_norm': '6.019', 'learning_rate': '4.619e-05', 'epoch': '0.3333'}

 11%|█         | 150/1350 [00:05<00:41, 29.05it/s]
 11%|█▏        | 153/1350 [00:05<00:41, 28.94it/s]
 12%|█▏        | 156/1350 [00:05<00:41, 28.99it/s]
 12%|█▏        | 159/1350 [00:05<00:41, 28.95it/s]
 12%|█▏        | 162/1350 [00:06<00:41, 28.92it/s]
 12%|█▏        | 165/1350 [00:06<00:40, 29.02it/s]
 12%|█▏        | 168/1350 [00:06<00:40, 29.06it/s]
 13%|█▎        | 171/1350 [00:06<00:40, 28.80it/s]
 13%|█▎        | 174/1350 [00:06<00:40, 28.94it/s]
 13%|█▎        | 177/1350 [00:06<00:40, 29.10it/s]
 13%|█▎        | 180/1350 [00:06<00:40, 29.02it/s]
 14%|█▎        | 183/1350 [00:06<00:40, 29.13it/s]
 14%|█▍        | 186/1350 [00:06<00:40, 29.04it/s]
 14%|█▍        | 189/1350 [00:07<00:39, 29.06it/s]
 14%|█▍        | 192/1350 [00:07<00:39, 29.11it/s]
 14%|█▍        | 195/1350 [00:07<00:39, 28.99it/s]
 15%|█▍        | 198/1350 [00:07<00:39, 28.97it/s]
                                                  
{'loss': '2.75', 'grad_norm': '6.139', 'learning_rate': '4.427e-05', 'epoch': '0.4444'}

 15%|█▍        | 200/1350 [00:07<00:39, 28.97it/s]
 15%|█▍        | 201/1350 [00:07<00:39, 29.09it/s]
 15%|█▌        | 204/1350 [00:07<00:39, 29.15it/s]
 15%|█▌        | 207/1350 [00:07<00:38, 29.34it/s]
 16%|█▌        | 210/1350 [00:07<00:39, 29.19it/s]
 16%|█▌        | 213/1350 [00:07<00:39, 29.06it/s]
 16%|█▌        | 216/1350 [00:07<00:39, 29.05it/s]
 16%|█▌        | 219/1350 [00:08<00:38, 29.13it/s]
 16%|█▋        | 222/1350 [00:08<00:38, 29.10it/s]
 17%|█▋        | 225/1350 [00:08<00:38, 29.16it/s]
 17%|█▋        | 228/1350 [00:08<00:38, 29.10it/s]
 17%|█▋        | 231/1350 [00:08<00:38, 29.16it/s]
 17%|█▋        | 234/1350 [00:08<00:38, 29.20it/s]
 18%|█▊        | 237/1350 [00:08<00:38, 29.13it/s]
 18%|█▊        | 240/1350 [00:08<00:38, 29.03it/s]
 18%|█▊        | 243/1350 [00:08<00:38, 29.07it/s]
 18%|█▊        | 246/1350 [00:08<00:37, 29.22it/s]
 18%|█▊        | 249/1350 [00:09<00:37, 29.31it/s]
                                                  
{'loss': '2.771', 'grad_norm': '6.005', 'learning_rate': '4.235e-05', 'epoch': '0.5556'}

 19%|█▊        | 250/1350 [00:09<00:37, 29.31it/s]
 19%|█▊        | 252/1350 [00:09<00:37, 29.24it/s]
 19%|█▉        | 255/1350 [00:09<00:37, 29.28it/s]
 19%|█▉        | 258/1350 [00:09<00:37, 29.22it/s]
 19%|█▉        | 261/1350 [00:09<00:37, 29.10it/s]
 20%|█▉        | 264/1350 [00:09<00:37, 29.05it/s]
 20%|█▉        | 267/1350 [00:09<00:37, 29.07it/s]
 20%|██        | 270/1350 [00:09<00:37, 28.87it/s]
 20%|██        | 273/1350 [00:09<00:37, 29.01it/s]
 20%|██        | 276/1350 [00:10<00:37, 28.86it/s]
 21%|██        | 279/1350 [00:10<00:37, 28.92it/s]
 21%|██        | 282/1350 [00:10<00:36, 28.87it/s]
 21%|██        | 285/1350 [00:10<00:36, 28.94it/s]
 21%|██▏       | 288/1350 [00:10<00:36, 28.85it/s]
 22%|██▏       | 291/1350 [00:10<00:36, 28.93it/s]
 22%|██▏       | 294/1350 [00:10<00:36, 28.81it/s]
 22%|██▏       | 297/1350 [00:10<00:36, 28.87it/s]
 22%|██▏       | 300/1350 [00:10<00:36, 28.79it/s]
                                                  
{'loss': '2.657', 'grad_norm': '5.339', 'learning_rate': '4.042e-05', 'epoch': '0.6667'}

 22%|██▏       | 300/1350 [00:10<00:36, 28.79it/s]
 22%|██▏       | 303/1350 [00:10<00:36, 28.99it/s]
 23%|██▎       | 306/1350 [00:11<00:35, 29.22it/s]
 23%|██▎       | 309/1350 [00:11<00:35, 29.15it/s]
 23%|██▎       | 312/1350 [00:11<00:35, 29.01it/s]
 23%|██▎       | 315/1350 [00:11<00:35, 28.99it/s]
 24%|██▎       | 318/1350 [00:11<00:35, 29.18it/s]
 24%|██▍       | 321/1350 [00:11<00:35, 29.00it/s]
 24%|██▍       | 324/1350 [00:11<00:35, 29.17it/s]
 24%|██▍       | 327/1350 [00:11<00:35, 29.20it/s]
 24%|██▍       | 330/1350 [00:11<00:35, 29.13it/s]
 25%|██▍       | 333/1350 [00:11<00:35, 28.96it/s]
 25%|██▍       | 336/1350 [00:12<00:34, 28.98it/s]
 25%|██▌       | 339/1350 [00:12<00:35, 28.51it/s]
 25%|██▌       | 342/1350 [00:12<00:34, 28.83it/s]
 26%|██▌       | 345/1350 [00:12<00:34, 28.76it/s]
 26%|██▌       | 348/1350 [00:12<00:34, 28.75it/s]
                                                  
{'loss': '2.658', 'grad_norm': '4.547', 'learning_rate': '3.85e-05', 'epoch': '0.7778'}

 26%|██▌       | 350/1350 [00:12<00:34, 28.75it/s]
 26%|██▌       | 351/1350 [00:12<00:34, 28.85it/s]
 26%|██▌       | 354/1350 [00:12<00:34, 28.81it/s]
 26%|██▋       | 357/1350 [00:12<00:34, 28.89it/s]
 27%|██▋       | 360/1350 [00:12<00:34, 28.92it/s]
 27%|██▋       | 363/1350 [00:13<00:34, 29.02it/s]
 27%|██▋       | 366/1350 [00:13<00:33, 29.01it/s]
 27%|██▋       | 369/1350 [00:13<00:33, 28.93it/s]
 28%|██▊       | 372/1350 [00:13<00:33, 28.87it/s]
 28%|██▊       | 375/1350 [00:13<00:33, 29.13it/s]
 28%|██▊       | 378/1350 [00:13<00:33, 29.11it/s]
 28%|██▊       | 381/1350 [00:13<00:33, 29.28it/s]
 28%|██▊       | 384/1350 [00:13<00:33, 29.23it/s]
 29%|██▊       | 387/1350 [00:13<00:32, 29.38it/s]
 29%|██▉       | 390/1350 [00:13<00:32, 29.31it/s]
 29%|██▉       | 393/1350 [00:14<00:32, 29.27it/s]
 29%|██▉       | 396/1350 [00:14<00:32, 29.35it/s]
 30%|██▉       | 399/1350 [00:14<00:32, 29.31it/s]
                                                  
{'loss': '2.532', 'grad_norm': '4.62', 'learning_rate': '3.658e-05', 'epoch': '0.8889'}

 30%|██▉       | 400/1350 [00:14<00:32, 29.31it/s]
 30%|██▉       | 402/1350 [00:14<00:32, 29.26it/s]
 30%|███       | 405/1350 [00:14<00:32, 29.34it/s]
 30%|███       | 408/1350 [00:14<00:32, 29.42it/s]
 30%|███       | 411/1350 [00:14<00:32, 29.34it/s]
 31%|███       | 414/1350 [00:14<00:31, 29.30it/s]
 31%|███       | 417/1350 [00:14<00:31, 29.28it/s]
 31%|███       | 420/1350 [00:14<00:31, 29.31it/s]
 31%|███▏      | 423/1350 [00:15<00:31, 29.18it/s]
 32%|███▏      | 426/1350 [00:15<00:31, 29.31it/s]
 32%|███▏      | 429/1350 [00:15<00:31, 29.09it/s]
 32%|███▏      | 432/1350 [00:15<00:31, 28.94it/s]
 32%|███▏      | 435/1350 [00:15<00:31, 29.12it/s]
 32%|███▏      | 438/1350 [00:15<00:31, 29.17it/s]
 33%|███▎      | 441/1350 [00:15<00:31, 29.14it/s]
 33%|███▎      | 444/1350 [00:15<00:31, 29.05it/s]
 33%|███▎      | 447/1350 [00:15<00:30, 29.18it/s]
 33%|███▎      | 450/1350 [00:15<00:30, 29.18it/s]
                                                  
{'loss': '2.617', 'grad_norm': '4.731', 'learning_rate': '3.465e-05', 'epoch': '1'}

 33%|███▎      | 450/1350 [00:16<00:30, 29.18it/s]

  0%|          | 0/50 [00:00<?, ?it/s][A

 18%|█▊        | 9/50 [00:00<00:00, 83.70it/s][A

 36%|███▌      | 18/50 [00:00<00:00, 77.42it/s][A

 52%|█████▏    | 26/50 [00:00<00:00, 75.80it/s][A

 68%|██████▊   | 34/50 [00:00<00:00, 75.24it/s][A

 84%|████████▍ | 42/50 [00:00<00:00, 74.90it/s][A

100%|██████████| 50/50 [00:00<00:00, 74.93it/s][A
                                                  

                                               
[A{'eval_loss': '2.562', 'eval_runtime': '0.6768', 'eval_samples_per_second': '295.5', 'eval_steps_per_second': '73.88', 'epoch': '1'}

 33%|███▎      | 450/1350 [00:16<00:30, 29.18it/s]

100%|██████████| 50/50 [00:00<00:00, 74.93it/s][A

                                               [A

Writing model shards:   0%|          | 0/1 [00:00<?, ?it/s][A

Writing model shards: 100%|██████████| 1/1 [00:01<00:00,  1.23s/it][A
Writing model shards: 100%|██████████| 1/1 [00:01<00:00,  1.23s/it]

 34%|███▎      | 453/1350 [00:19<06:13,  2.40it/s]
 34%|███▍      | 456/1350 [00:20<04:30,  3.30it/s]
 34%|███▍      | 459/1350 [00:20<03:18,  4.49it/s]
 34%|███▍      | 462/1350 [00:20<02:27,  6.02it/s]
 34%|███▍      | 465/1350 [00:20<01:51,  7.92it/s]
 35%|███▍      | 468/1350 [00:20<01:26, 10.14it/s]
 35%|███▍      | 471/1350 [00:20<01:09, 12.64it/s]
 35%|███▌      | 474/1350 [00:20<00:57, 15.24it/s]
 35%|███▌      | 477/1350 [00:20<00:49, 17.77it/s]
 36%|███▌      | 480/1350 [00:20<00:43, 20.21it/s]
 36%|███▌      | 483/1350 [00:20<00:38, 22.36it/s]
 36%|███▌      | 486/1350 [00:21<00:35, 24.15it/s]
 36%|███▌      | 489/1350 [00:21<00:33, 25.39it/s]
 36%|███▋      | 492/1350 [00:21<00:32, 26.52it/s]
 37%|███▋      | 495/1350 [00:21<00:31, 27.30it/s]
 37%|███▋      | 498/1350 [00:21<00:30, 27.96it/s]
                                                  
{'loss': '2.486', 'grad_norm': '5.107', 'learning_rate': '3.273e-05', 'epoch': '1.111'}

 37%|███▋      | 500/1350 [00:21<00:30, 27.96it/s]
 37%|███▋      | 501/1350 [00:21<00:29, 28.32it/s]
 37%|███▋      | 504/1350 [00:21<00:29, 28.60it/s]
 38%|███▊      | 508/1350 [00:21<00:29, 29.01it/s]
 38%|███▊      | 511/1350 [00:21<00:28, 29.19it/s]
 38%|███▊      | 514/1350 [00:22<00:28, 29.21it/s]
 38%|███▊      | 517/1350 [00:22<00:28, 29.12it/s]
 39%|███▊      | 520/1350 [00:22<00:28, 29.29it/s]
 39%|███▉      | 524/1350 [00:22<00:28, 29.45it/s]
 39%|███▉      | 527/1350 [00:22<00:27, 29.40it/s]
 39%|███▉      | 530/1350 [00:22<00:27, 29.34it/s]
 39%|███▉      | 533/1350 [00:22<00:27, 29.45it/s]
 40%|███▉      | 536/1350 [00:22<00:27, 29.40it/s]
 40%|███▉      | 539/1350 [00:22<00:27, 29.49it/s]
 40%|████      | 542/1350 [00:22<00:27, 29.43it/s]
 40%|████      | 545/1350 [00:23<00:27, 29.37it/s]
 41%|████      | 548/1350 [00:23<00:27, 29.20it/s]
                                                  
{'loss': '2.559', 'grad_norm': '4.371', 'learning_rate': '3.081e-05', 'epoch': '1.222'}

 41%|████      | 550/1350 [00:23<00:27, 29.20it/s]
 41%|████      | 551/1350 [00:23<00:27, 28.94it/s]
 41%|████      | 554/1350 [00:23<00:27, 28.98it/s]
 41%|████▏     | 557/1350 [00:23<00:27, 29.23it/s]
 41%|████▏     | 560/1350 [00:23<00:26, 29.33it/s]
 42%|████▏     | 563/1350 [00:23<00:26, 29.44it/s]
 42%|████▏     | 566/1350 [00:23<00:26, 29.36it/s]
 42%|████▏     | 569/1350 [00:23<00:26, 29.34it/s]
 42%|████▏     | 572/1350 [00:23<00:26, 29.52it/s]
 43%|████▎     | 575/1350 [00:24<00:26, 29.34it/s]
 43%|████▎     | 578/1350 [00:24<00:26, 29.21it/s]
 43%|████▎     | 581/1350 [00:24<00:26, 29.23it/s]
 43%|████▎     | 584/1350 [00:24<00:26, 29.43it/s]
 43%|████▎     | 587/1350 [00:24<00:26, 29.28it/s]
 44%|████▎     | 590/1350 [00:24<00:25, 29.27it/s]
 44%|████▍     | 593/1350 [00:24<00:25, 29.34it/s]
 44%|████▍     | 596/1350 [00:24<00:25, 29.28it/s]
 44%|████▍     | 599/1350 [00:24<00:25, 29.40it/s]
                                                  
{'loss': '2.429', 'grad_norm': '4.418', 'learning_rate': '2.888e-05', 'epoch': '1.333'}

 44%|████▍     | 600/1350 [00:24<00:25, 29.40it/s]
 45%|████▍     | 602/1350 [00:25<00:25, 29.46it/s]
 45%|████▍     | 605/1350 [00:25<00:25, 29.41it/s]
 45%|████▌     | 608/1350 [00:25<00:25, 29.45it/s]
 45%|████▌     | 611/1350 [00:25<00:25, 29.39it/s]
 45%|████▌     | 614/1350 [00:25<00:25, 29.36it/s]
 46%|████▌     | 617/1350 [00:25<00:24, 29.33it/s]
 46%|████▌     | 620/1350 [00:25<00:24, 29.40it/s]
 46%|████▌     | 623/1350 [00:25<00:24, 29.49it/s]
 46%|████▋     | 626/1350 [00:25<00:24, 29.54it/s]
 47%|████▋     | 629/1350 [00:25<00:24, 29.57it/s]
 47%|████▋     | 632/1350 [00:26<00:24, 29.57it/s]
 47%|████▋     | 635/1350 [00:26<00:24, 29.51it/s]
 47%|████▋     | 638/1350 [00:26<00:24, 29.42it/s]
 47%|████▋     | 641/1350 [00:26<00:24, 29.34it/s]
 48%|████▊     | 644/1350 [00:26<00:24, 29.38it/s]
 48%|████▊     | 647/1350 [00:26<00:23, 29.43it/s]
 48%|████▊     | 650/1350 [00:26<00:23, 29.54it/s]
                                                  
{'loss': '2.572', 'grad_norm': '4.688', 'learning_rate': '2.696e-05', 'epoch': '1.444'}

 48%|████▊     | 650/1350 [00:26<00:23, 29.54it/s]
 48%|████▊     | 653/1350 [00:26<00:23, 29.34it/s]
 49%|████▊     | 656/1350 [00:26<00:23, 29.40it/s]
 49%|████▉     | 659/1350 [00:26<00:23, 29.55it/s]
 49%|████▉     | 662/1350 [00:27<00:23, 29.33it/s]
 49%|████▉     | 665/1350 [00:27<00:23, 29.37it/s]
 49%|████▉     | 668/1350 [00:27<00:23, 29.50it/s]
 50%|████▉     | 671/1350 [00:27<00:23, 29.37it/s]
 50%|████▉     | 674/1350 [00:27<00:22, 29.40it/s]
 50%|█████     | 677/1350 [00:27<00:22, 29.39it/s]
 50%|█████     | 680/1350 [00:27<00:22, 29.38it/s]
 51%|█████     | 683/1350 [00:27<00:22, 29.29it/s]
 51%|█████     | 686/1350 [00:27<00:22, 29.36it/s]
 51%|█████     | 689/1350 [00:27<00:22, 29.37it/s]
 51%|█████▏    | 692/1350 [00:28<00:22, 29.41it/s]
 51%|█████▏    | 695/1350 [00:28<00:22, 29.21it/s]
 52%|█████▏    | 698/1350 [00:28<00:22, 29.28it/s]
                                                  
{'loss': '2.501', 'grad_norm': '4.942', 'learning_rate': '2.504e-05', 'epoch': '1.556'}

 52%|█████▏    | 700/1350 [00:28<00:22, 29.28it/s]
 52%|█████▏    | 701/1350 [00:28<00:22, 29.33it/s]
 52%|█████▏    | 704/1350 [00:28<00:22, 29.15it/s]
 52%|█████▏    | 707/1350 [00:28<00:21, 29.25it/s]
 53%|█████▎    | 710/1350 [00:28<00:21, 29.39it/s]
 53%|█████▎    | 713/1350 [00:28<00:21, 29.40it/s]
 53%|█████▎    | 716/1350 [00:28<00:21, 29.32it/s]
 53%|█████▎    | 719/1350 [00:28<00:21, 29.18it/s]
 53%|█████▎    | 722/1350 [00:29<00:21, 29.17it/s]
 54%|█████▎    | 725/1350 [00:29<00:21, 29.15it/s]
 54%|█████▍    | 728/1350 [00:29<00:21, 29.25it/s]
 54%|█████▍    | 731/1350 [00:29<00:21, 29.11it/s]
 54%|█████▍    | 734/1350 [00:29<00:21, 28.70it/s]
 55%|█████▍    | 737/1350 [00:29<00:21, 28.92it/s]
 55%|█████▍    | 740/1350 [00:29<00:21, 28.86it/s]
 55%|█████▌    | 743/1350 [00:29<00:20, 28.95it/s]
 55%|█████▌    | 746/1350 [00:29<00:20, 29.09it/s]
 55%|█████▌    | 749/1350 [00:30<00:20, 29.01it/s]
                                                  
{'loss': '2.472', 'grad_norm': '4.604', 'learning_rate': '2.312e-05', 'epoch': '1.667'}

 56%|█████▌    | 750/1350 [00:30<00:20, 29.01it/s]
 56%|█████▌    | 752/1350 [00:30<00:20, 29.15it/s]
 56%|█████▌    | 755/1350 [00:30<00:20, 29.15it/s]
 56%|█████▌    | 758/1350 [00:30<00:20, 29.24it/s]
 56%|█████▋    | 761/1350 [00:30<00:20, 29.13it/s]
 57%|█████▋    | 764/1350 [00:30<00:20, 29.24it/s]
 57%|█████▋    | 767/1350 [00:30<00:19, 29.27it/s]
 57%|█████▋    | 770/1350 [00:30<00:19, 29.24it/s]
 57%|█████▋    | 773/1350 [00:30<00:19, 29.36it/s]
 57%|█████▋    | 776/1350 [00:30<00:19, 29.30it/s]
 58%|█████▊    | 779/1350 [00:31<00:19, 29.34it/s]
 58%|█████▊    | 782/1350 [00:31<00:19, 29.36it/s]
 58%|█████▊    | 785/1350 [00:31<00:19, 29.24it/s]
 58%|█████▊    | 788/1350 [00:31<00:19, 29.19it/s]
 59%|█████▊    | 791/1350 [00:31<00:19, 29.15it/s]
 59%|█████▉    | 794/1350 [00:31<00:19, 29.26it/s]
 59%|█████▉    | 797/1350 [00:31<00:18, 29.31it/s]
 59%|█████▉    | 800/1350 [00:31<00:18, 29.28it/s]
                                                  
{'loss': '2.489', 'grad_norm': '4.313', 'learning_rate': '2.119e-05', 'epoch': '1.778'}

 59%|█████▉    | 800/1350 [00:31<00:18, 29.28it/s]
 59%|█████▉    | 803/1350 [00:31<00:18, 29.22it/s]
 60%|█████▉    | 806/1350 [00:31<00:18, 29.35it/s]
 60%|█████▉    | 809/1350 [00:32<00:18, 29.40it/s]
 60%|██████    | 812/1350 [00:32<00:18, 29.39it/s]
 60%|██████    | 815/1350 [00:32<00:18, 29.28it/s]
 61%|██████    | 818/1350 [00:32<00:18, 29.23it/s]
 61%|██████    | 821/1350 [00:32<00:18, 29.30it/s]
 61%|██████    | 824/1350 [00:32<00:17, 29.36it/s]
 61%|██████▏   | 827/1350 [00:32<00:17, 29.39it/s]
 61%|██████▏   | 830/1350 [00:32<00:17, 29.33it/s]
 62%|██████▏   | 833/1350 [00:32<00:17, 29.17it/s]
 62%|██████▏   | 836/1350 [00:33<00:17, 29.05it/s]
 62%|██████▏   | 839/1350 [00:33<00:17, 29.09it/s]
 62%|██████▏   | 842/1350 [00:33<00:17, 29.32it/s]
 63%|██████▎   | 845/1350 [00:33<00:17, 29.39it/s]
 63%|██████▎   | 848/1350 [00:33<00:17, 29.21it/s]
                                                  
{'loss': '2.489', 'grad_norm': '4.584', 'learning_rate': '1.927e-05', 'epoch': '1.889'}

 63%|██████▎   | 850/1350 [00:33<00:17, 29.21it/s]
 63%|██████▎   | 851/1350 [00:33<00:17, 29.19it/s]
 63%|██████▎   | 854/1350 [00:33<00:16, 29.24it/s]
 63%|██████▎   | 857/1350 [00:33<00:16, 29.29it/s]
 64%|██████▎   | 860/1350 [00:33<00:16, 29.22it/s]
 64%|██████▍   | 863/1350 [00:33<00:16, 29.12it/s]
 64%|██████▍   | 866/1350 [00:34<00:16, 29.03it/s]
 64%|██████▍   | 869/1350 [00:34<00:16, 29.07it/s]
 65%|██████▍   | 872/1350 [00:34<00:16, 29.19it/s]
 65%|██████▍   | 875/1350 [00:34<00:16, 29.20it/s]
 65%|██████▌   | 878/1350 [00:34<00:16, 29.42it/s]
 65%|██████▌   | 881/1350 [00:34<00:15, 29.59it/s]
 65%|██████▌   | 884/1350 [00:34<00:15, 29.68it/s]
 66%|██████▌   | 887/1350 [00:34<00:15, 29.43it/s]
 66%|██████▌   | 890/1350 [00:34<00:15, 29.45it/s]
 66%|██████▌   | 893/1350 [00:34<00:15, 29.29it/s]
 66%|██████▋   | 896/1350 [00:35<00:15, 29.40it/s]
 67%|██████▋   | 899/1350 [00:35<00:15, 29.36it/s]
                                                  
{'loss': '2.481', 'grad_norm': '5.208', 'learning_rate': '1.735e-05', 'epoch': '2'}

 67%|██████▋   | 900/1350 [00:35<00:15, 29.36it/s]

  0%|          | 0/50 [00:00<?, ?it/s][A

 18%|█▊        | 9/50 [00:00<00:00, 85.75it/s][A

 36%|███▌      | 18/50 [00:00<00:00, 79.60it/s][A

 52%|█████▏    | 26/50 [00:00<00:00, 77.94it/s][A

 68%|██████▊   | 34/50 [00:00<00:00, 77.35it/s][A

 84%|████████▍ | 42/50 [00:00<00:00, 77.20it/s][A

100%|██████████| 50/50 [00:00<00:00, 77.17it/s][A
                                                  

                                               
[A{'eval_loss': '2.532', 'eval_runtime': '0.6575', 'eval_samples_per_second': '304.2', 'eval_steps_per_second': '76.04', 'epoch': '2'}

 67%|██████▋   | 900/1350 [00:35<00:15, 29.36it/s]

100%|██████████| 50/50 [00:00<00:00, 77.17it/s][A

                                               [A

Writing model shards:   0%|          | 0/1 [00:00<?, ?it/s][A

Writing model shards: 100%|██████████| 1/1 [00:01<00:00,  1.22s/it][A
Writing model shards: 100%|██████████| 1/1 [00:01<00:00,  1.22s/it]

 67%|██████▋   | 902/1350 [00:39<03:03,  2.43it/s]
 67%|██████▋   | 905/1350 [00:39<02:12,  3.35it/s]
 67%|██████▋   | 908/1350 [00:39<01:37,  4.55it/s]
 67%|██████▋   | 911/1350 [00:39<01:12,  6.09it/s]
 68%|██████▊   | 914/1350 [00:39<00:54,  7.98it/s]
 68%|██████▊   | 917/1350 [00:39<00:42, 10.23it/s]
 68%|██████▊   | 920/1350 [00:39<00:33, 12.73it/s]
 68%|██████▊   | 923/1350 [00:39<00:27, 15.35it/s]
 69%|██████▊   | 926/1350 [00:39<00:23, 17.90it/s]
 69%|██████▉   | 929/1350 [00:39<00:20, 20.27it/s]
 69%|██████▉   | 932/1350 [00:40<00:18, 22.37it/s]
 69%|██████▉   | 935/1350 [00:40<00:17, 24.11it/s]
 69%|██████▉   | 938/1350 [00:40<00:16, 25.51it/s]
 70%|██████▉   | 941/1350 [00:40<00:15, 26.51it/s]
 70%|██████▉   | 944/1350 [00:40<00:14, 27.36it/s]
 70%|███████   | 947/1350 [00:40<00:14, 27.98it/s]
 70%|███████   | 950/1350 [00:40<00:14, 28.45it/s]
                                                  
{'loss': '2.433', 'grad_norm': '5.146', 'learning_rate': '1.542e-05', 'epoch': '2.111'}

 70%|███████   | 950/1350 [00:40<00:14, 28.45it/s]
 71%|███████   | 953/1350 [00:40<00:13, 28.56it/s]
 71%|███████   | 956/1350 [00:40<00:13, 28.84it/s]
 71%|███████   | 959/1350 [00:40<00:13, 28.95it/s]
 71%|███████▏  | 962/1350 [00:41<00:13, 29.07it/s]
 71%|███████▏  | 965/1350 [00:41<00:13, 28.99it/s]
 72%|███████▏  | 968/1350 [00:41<00:13, 29.04it/s]
 72%|███████▏  | 971/1350 [00:41<00:13, 29.06it/s]
 72%|███████▏  | 974/1350 [00:41<00:12, 29.09it/s]
 72%|███████▏  | 977/1350 [00:41<00:12, 29.13it/s]
 73%|███████▎  | 980/1350 [00:41<00:12, 29.02it/s]
 73%|███████▎  | 983/1350 [00:41<00:12, 29.08it/s]
 73%|███████▎  | 986/1350 [00:41<00:12, 29.17it/s]
 73%|███████▎  | 989/1350 [00:42<00:12, 29.15it/s]
 73%|███████▎  | 992/1350 [00:42<00:12, 29.19it/s]
 74%|███████▎  | 995/1350 [00:42<00:12, 29.22it/s]
 74%|███████▍  | 998/1350 [00:42<00:12, 29.29it/s]
                                                  
{'loss': '2.393', 'grad_norm': '5.012', 'learning_rate': '1.35e-05', 'epoch': '2.222'}

 74%|███████▍  | 1000/1350 [00:42<00:11, 29.29it/s]
 74%|███████▍  | 1001/1350 [00:42<00:11, 29.18it/s]
 74%|███████▍  | 1004/1350 [00:42<00:11, 29.17it/s]
 75%|███████▍  | 1007/1350 [00:42<00:11, 29.34it/s]
 75%|███████▍  | 1010/1350 [00:42<00:11, 29.27it/s]
 75%|███████▌  | 1013/1350 [00:42<00:11, 29.35it/s]
 75%|███████▌  | 1016/1350 [00:42<00:11, 29.36it/s]
 75%|███████▌  | 1019/1350 [00:43<00:11, 29.41it/s]
 76%|███████▌  | 1022/1350 [00:43<00:11, 29.24it/s]
 76%|███████▌  | 1025/1350 [00:43<00:11, 29.28it/s]
 76%|███████▌  | 1028/1350 [00:43<00:11, 29.24it/s]
 76%|███████▋  | 1031/1350 [00:43<00:10, 29.34it/s]
 77%|███████▋  | 1034/1350 [00:43<00:10, 29.41it/s]
 77%|███████▋  | 1037/1350 [00:43<00:10, 29.26it/s]
 77%|███████▋  | 1040/1350 [00:43<00:10, 29.27it/s]
 77%|███████▋  | 1043/1350 [00:43<00:10, 29.38it/s]
 77%|███████▋  | 1046/1350 [00:43<00:10, 29.44it/s]
 78%|███████▊  | 1049/1350 [00:44<00:10, 29.47it/s]
                                                   
{'loss': '2.393', 'grad_norm': '5.333', 'learning_rate': '1.158e-05', 'epoch': '2.333'}

 78%|███████▊  | 1050/1350 [00:44<00:10, 29.47it/s]
 78%|███████▊  | 1052/1350 [00:44<00:10, 29.46it/s]
 78%|███████▊  | 1056/1350 [00:44<00:09, 29.56it/s]
 78%|███████▊  | 1059/1350 [00:44<00:09, 29.49it/s]
 79%|███████▊  | 1062/1350 [00:44<00:09, 29.54it/s]
 79%|███████▉  | 1065/1350 [00:44<00:09, 29.48it/s]
 79%|███████▉  | 1068/1350 [00:44<00:09, 29.47it/s]
 79%|███████▉  | 1071/1350 [00:44<00:09, 29.41it/s]
 80%|███████▉  | 1074/1350 [00:44<00:09, 29.47it/s]
 80%|███████▉  | 1077/1350 [00:44<00:09, 29.41it/s]
 80%|████████  | 1080/1350 [00:45<00:09, 29.42it/s]
 80%|████████  | 1083/1350 [00:45<00:09, 29.25it/s]
 80%|████████  | 1086/1350 [00:45<00:08, 29.34it/s]
 81%|████████  | 1089/1350 [00:45<00:08, 29.34it/s]
 81%|████████  | 1092/1350 [00:45<00:08, 29.36it/s]
 81%|████████  | 1095/1350 [00:45<00:08, 29.41it/s]
 81%|████████▏ | 1098/1350 [00:45<00:08, 29.49it/s]
                                                   
{'loss': '2.456', 'grad_norm': '4.715', 'learning_rate': '9.654e-06', 'epoch': '2.444'}

 81%|████████▏ | 1100/1350 [00:45<00:08, 29.49it/s]
 82%|████████▏ | 1101/1350 [00:45<00:08, 29.64it/s]
 82%|████████▏ | 1104/1350 [00:45<00:08, 29.53it/s]
 82%|████████▏ | 1107/1350 [00:46<00:08, 29.55it/s]
 82%|████████▏ | 1110/1350 [00:46<00:08, 29.36it/s]
 82%|████████▏ | 1113/1350 [00:46<00:08, 29.31it/s]
 83%|████████▎ | 1116/1350 [00:46<00:07, 29.43it/s]
 83%|████████▎ | 1119/1350 [00:46<00:07, 29.53it/s]
 83%|████████▎ | 1123/1350 [00:46<00:07, 29.64it/s]
 83%|████████▎ | 1126/1350 [00:46<00:07, 29.65it/s]
 84%|████████▎ | 1129/1350 [00:46<00:07, 29.57it/s]
 84%|████████▍ | 1132/1350 [00:46<00:07, 29.50it/s]
 84%|████████▍ | 1135/1350 [00:46<00:07, 29.33it/s]
 84%|████████▍ | 1138/1350 [00:47<00:07, 29.27it/s]
 85%|████████▍ | 1141/1350 [00:47<00:07, 29.25it/s]
 85%|████████▍ | 1144/1350 [00:47<00:07, 29.36it/s]
 85%|████████▍ | 1147/1350 [00:47<00:06, 29.31it/s]
 85%|████████▌ | 1150/1350 [00:47<00:06, 29.28it/s]
                                                   
{'loss': '2.391', 'grad_norm': '4.359', 'learning_rate': '7.731e-06', 'epoch': '2.556'}

 85%|████████▌ | 1150/1350 [00:47<00:06, 29.28it/s]
 85%|████████▌ | 1153/1350 [00:47<00:06, 29.18it/s]
 86%|████████▌ | 1156/1350 [00:47<00:06, 29.11it/s]
 86%|████████▌ | 1159/1350 [00:47<00:06, 29.15it/s]
 86%|████████▌ | 1162/1350 [00:47<00:06, 29.02it/s]
 86%|████████▋ | 1165/1350 [00:47<00:06, 29.06it/s]
 87%|████████▋ | 1168/1350 [00:48<00:06, 29.08it/s]
 87%|████████▋ | 1171/1350 [00:48<00:06, 29.12it/s]
 87%|████████▋ | 1174/1350 [00:48<00:06, 29.32it/s]
 87%|████████▋ | 1177/1350 [00:48<00:05, 29.35it/s]
 87%|████████▋ | 1180/1350 [00:48<00:05, 29.30it/s]
 88%|████████▊ | 1183/1350 [00:48<00:05, 29.26it/s]
 88%|████████▊ | 1186/1350 [00:48<00:05, 29.13it/s]
 88%|████████▊ | 1189/1350 [00:48<00:05, 29.13it/s]
 88%|████████▊ | 1193/1350 [00:48<00:05, 29.37it/s]
 89%|████████▊ | 1196/1350 [00:49<00:05, 29.45it/s]
 89%|████████▉ | 1199/1350 [00:49<00:05, 29.40it/s]
                                                   
{'loss': '2.435', 'grad_norm': '4.749', 'learning_rate': '5.808e-06', 'epoch': '2.667'}

 89%|████████▉ | 1200/1350 [00:49<00:05, 29.40it/s]
 89%|████████▉ | 1203/1350 [00:49<00:04, 29.63it/s]
 89%|████████▉ | 1206/1350 [00:49<00:04, 29.54it/s]
 90%|████████▉ | 1209/1350 [00:49<00:04, 29.49it/s]
 90%|████████▉ | 1212/1350 [00:49<00:04, 29.34it/s]
 90%|█████████ | 1215/1350 [00:49<00:04, 29.34it/s]
 90%|█████████ | 1218/1350 [00:49<00:04, 29.37it/s]
 90%|█████████ | 1221/1350 [00:49<00:04, 29.34it/s]
 91%|█████████ | 1224/1350 [00:50<00:04, 29.33it/s]
 91%|█████████ | 1227/1350 [00:50<00:04, 29.40it/s]
 91%|█████████ | 1230/1350 [00:50<00:04, 29.43it/s]
 91%|█████████▏| 1233/1350 [00:50<00:03, 29.44it/s]
 92%|█████████▏| 1236/1350 [00:50<00:03, 29.26it/s]
 92%|█████████▏| 1239/1350 [00:50<00:03, 29.46it/s]
 92%|█████████▏| 1242/1350 [00:50<00:03, 29.51it/s]
 92%|█████████▏| 1245/1350 [00:50<00:03, 29.43it/s]
 92%|█████████▏| 1248/1350 [00:50<00:03, 29.38it/s]
                                                   
{'loss': '2.378', 'grad_norm': '4.735', 'learning_rate': '3.885e-06', 'epoch': '2.778'}

 93%|█████████▎| 1250/1350 [00:50<00:03, 29.38it/s]
 93%|█████████▎| 1251/1350 [00:50<00:03, 29.41it/s]
 93%|█████████▎| 1254/1350 [00:51<00:03, 29.42it/s]
 93%|█████████▎| 1257/1350 [00:51<00:03, 29.32it/s]
 93%|█████████▎| 1260/1350 [00:51<00:03, 29.29it/s]
 94%|█████████▎| 1263/1350 [00:51<00:02, 29.31it/s]
 94%|█████████▍| 1266/1350 [00:51<00:02, 29.28it/s]
 94%|█████████▍| 1269/1350 [00:51<00:02, 29.23it/s]
 94%|█████████▍| 1272/1350 [00:51<00:02, 29.22it/s]
 94%|█████████▍| 1275/1350 [00:51<00:02, 29.02it/s]
 95%|█████████▍| 1278/1350 [00:51<00:02, 29.00it/s]
 95%|█████████▍| 1281/1350 [00:51<00:02, 29.17it/s]
 95%|█████████▌| 1284/1350 [00:52<00:02, 29.30it/s]
 95%|█████████▌| 1287/1350 [00:52<00:02, 29.34it/s]
 96%|█████████▌| 1290/1350 [00:52<00:02, 29.22it/s]
 96%|█████████▌| 1293/1350 [00:52<00:01, 29.38it/s]
 96%|█████████▌| 1296/1350 [00:52<00:01, 29.25it/s]
 96%|█████████▌| 1299/1350 [00:52<00:01, 29.39it/s]
                                                   
{'loss': '2.399', 'grad_norm': '5.584', 'learning_rate': '1.962e-06', 'epoch': '2.889'}

 96%|█████████▋| 1300/1350 [00:52<00:01, 29.39it/s]
 96%|█████████▋| 1302/1350 [00:52<00:01, 29.44it/s]
 97%|█████████▋| 1305/1350 [00:52<00:01, 29.28it/s]
 97%|█████████▋| 1308/1350 [00:52<00:01, 29.38it/s]
 97%|█████████▋| 1311/1350 [00:52<00:01, 29.43it/s]
 97%|█████████▋| 1314/1350 [00:53<00:01, 29.50it/s]
 98%|█████████▊| 1317/1350 [00:53<00:01, 29.33it/s]
 98%|█████████▊| 1320/1350 [00:53<00:01, 29.47it/s]
 98%|█████████▊| 1323/1350 [00:53<00:00, 29.47it/s]
 98%|█████████▊| 1326/1350 [00:53<00:00, 29.31it/s]
 98%|█████████▊| 1329/1350 [00:53<00:00, 29.43it/s]
 99%|█████████▊| 1332/1350 [00:53<00:00, 29.30it/s]
 99%|█████████▉| 1335/1350 [00:53<00:00, 29.21it/s]
 99%|█████████▉| 1338/1350 [00:53<00:00, 29.35it/s]
 99%|█████████▉| 1341/1350 [00:53<00:00, 29.44it/s]
100%|█████████▉| 1344/1350 [00:54<00:00, 29.40it/s]
100%|█████████▉| 1347/1350 [00:54<00:00, 29.51it/s]
                                                   
{'loss': '2.368', 'grad_norm': '4.576', 'learning_rate': '3.846e-08', 'epoch': '3'}

100%|██████████| 1350/1350 [00:54<00:00, 29.51it/s]

  0%|          | 0/50 [00:00<?, ?it/s][A

 18%|█▊        | 9/50 [00:00<00:00, 85.40it/s][A

 36%|███▌      | 18/50 [00:00<00:00, 78.99it/s][A

 52%|█████▏    | 26/50 [00:00<00:00, 77.42it/s][A

 68%|██████▊   | 34/50 [00:00<00:00, 76.77it/s][A

 84%|████████▍ | 42/50 [00:00<00:00, 76.59it/s][A

100%|██████████| 50/50 [00:00<00:00, 76.59it/s][A
                                                   

                                               
[A{'eval_loss': '2.527', 'eval_runtime': '0.6623', 'eval_samples_per_second': '302', 'eval_steps_per_second': '75.5', 'epoch': '3'}

100%|██████████| 1350/1350 [00:54<00:00, 29.51it/s]

100%|██████████| 50/50 [00:00<00:00, 76.59it/s][A

                                               [A

Writing model shards:   0%|          | 0/1 [00:00<?, ?it/s][A

Writing model shards: 100%|██████████| 1/1 [00:01<00:00,  1.22s/it][A
Writing model shards: 100%|██████████| 1/1 [00:01<00:00,  1.22s/it]

                                                   
{'train_runtime': '58.07', 'train_samples_per_second': '93', 'train_steps_per_second': '23.25', 'train_loss': '2.539', 'epoch': '3'}

100%|██████████| 1350/1350 [00:58<00:00, 29.51it/s][transformers] There were missing keys in the checkpoint model loaded: ['lm_head.weight'].

100%|██████████| 1350/1350 [00:58<00:00, 23.21it/s]

✓ Fine-tuning terminé en 58.3s (1.0 min)
  Train Loss final: 2.5386

Writing model shards:   0%|          | 0/1 [00:00<?, ?it/s]
Writing model shards: 100%|██████████| 1/1 [00:01<00:00,  1.22s/it]
Writing model shards: 100%|██████████| 1/1 [00:01<00:00,  1.22s/it]
✓ Modèle sauvegardé: /teamspace/studios/this_studio/TP_Paroles_Code_Complet/outputs/gpt2_finetune/model

  0%|          | 0/50 [00:00<?, ?it/s]
 18%|█▊        | 9/50 [00:00<00:00, 81.92it/s]
 36%|███▌      | 18/50 [00:00<00:00, 76.00it/s]
 52%|█████▏    | 26/50 [00:00<00:00, 74.94it/s]
 68%|██████▊   | 34/50 [00:00<00:00, 75.09it/s]
 84%|████████▍ | 42/50 [00:00<00:00, 75.32it/s]
100%|██████████| 50/50 [00:00<00:00, 75.51it/s]
100%|██████████| 50/50 [00:00<00:00, 75.48it/s]

📊 Métriques GPT-2 fine-tuné:
  Val Loss: 2.5271
  Val PPL:  12.52

📊 COMPARAISON:
  Modèle                            Val PPL
  ------------------------------------------
  Feed-Forward custom (TP)           220.81
  GPT-2 fine-tuné (HuggingFace)       12.52

============================================================
SECTION 5: Génération de Paroles
============================================================

🎵 Génération de 3 paroles pour le genre: POP
------------------------------------------------------------
[transformers] The attention mask is not set and cannot be inferred from input because pad token is same as eos token. As a consequence, you may observe unexpected behavior. Please pass your input's `attention_mask` to obtain reliable results.

📝 Exemple 1:
no, i don't like it popout the lights down 'cause you gotta have a drink now so that we can get out there sing along all night (don't know what to say) oh baby when will ya take my breath away? doin' shit on your head and body for free! yeah if they're gonna come over tonight or tomorrow cause one of us got high just tryna

📝 Exemple 2:
hey, let's go grab some water and run 'round to the beach or just ride on our old horses now i see you've got a bottle of wine in your hand tell me if this time is different we'll do it right with love again don't be shy about saying what matters when things are good at heart baby talk like an animal without any emotions so listen up (oh-oo)

📝 Exemple 3:
to your heart, i think it's gone now you're a lost cause oh-oh uh... and no need for my love the only thing that matters is not getting older just one more weekend with another drink 'cause we've been through hell together but sometimes (yeah) when things get tough there are always lessons left undone these days if nothing else can make us stronger at times even worse than they

============================================================
✓ Génération GPT-2 terminée
============================================================
